2025-07-26 15:53:59,975 WARNING Not Found: /
2025-07-26 15:54:00,047 WARNING Not Found: /favicon.ico
2025-07-26 15:54:21,782 WARNING Not Found: /.well-known/appspecific/com.chrome.devtools.json
2025-07-26 15:54:58,785 WARNING Not Found: /api
2025-07-26 15:56:45,595 INFO /home/annuvrat/ai-output-backend/ai_backend/urls.py changed, reloading.
2025-07-26 16:12:06,434 WARNING Method Not Allowed: /api/store-output/
2025-07-26 16:13:29,499 WARNING Not Found: /.well-known/appspecific/com.chrome.devtools.json
2025-07-26 16:15:16,620 INFO /home/annuvrat/ai-output-backend/api/views.py changed, reloading.
2025-07-26 16:16:36,165 ERROR Internal Server Error: /api/store-output
Traceback (most recent call last):
  File "/home/annuvrat/ai-output-backend/venv/lib/python3.13/site-packages/django/core/handlers/exception.py", line 55, in inner
    response = get_response(request)
  File "/home/annuvrat/ai-output-backend/venv/lib/python3.13/site-packages/django/utils/deprecation.py", line 122, in __call__
    response = self.process_response(request, response)
  File "/home/annuvrat/ai-output-backend/venv/lib/python3.13/site-packages/django/middleware/common.py", line 108, in process_response
    return self.response_redirect_class(self.get_full_path_with_slash(request))
                                        ~~~~~~~~~~~~~~~~~~~~~~~~~~~~~^^^^^^^^^
  File "/home/annuvrat/ai-output-backend/venv/lib/python3.13/site-packages/django/middleware/common.py", line 87, in get_full_path_with_slash
    raise RuntimeError(
    ...<9 lines>...
    )
RuntimeError: You called this URL via POST, but the URL doesn't end in a slash and you have APPEND_SLASH set. Django can't redirect to the slash URL while maintaining POST data. Change your form to point to localhost:8000/api/store-output/ (note the trailing slash), or set APPEND_SLASH=False in your Django settings.
2025-07-26 16:17:43,253 WARNING Unauthorized: /api/store-output/
2025-07-26 16:18:36,115 WARNING Unauthorized: /api/store-output/
2025-07-26 16:20:09,981 INFO /home/annuvrat/ai-output-backend/api/views.py changed, reloading.
2025-07-26 16:20:11,506 INFO /home/annuvrat/ai-output-backend/api/views.py changed, reloading.
2025-07-26 16:20:21,613 INFO Output stored: [{'id': '1a4169b2-13d7-4213-bb79-e4ccee1c7167', 'created_at': '2025-07-26T16:20:21.471036+00:00', 'user_id': '871ff812-7b64-4b61-a062-616765820f6c', 'tool_name': 'quiz_builder', 'output_content': {'questions': ['What is AI?', 'Define neural networks.'], 'difficulty': 'easy'}}]
2025-07-26 16:42:05,311 INFO /home/annuvrat/ai-output-backend/api/urls.py changed, reloading.
2025-07-26 16:42:06,927 INFO /home/annuvrat/ai-output-backend/api/urls.py changed, reloading.
2025-07-26 16:42:10,744 INFO /home/annuvrat/ai-output-backend/api/urls.py changed, reloading.
2025-07-26 16:42:51,521 INFO /home/annuvrat/ai-output-backend/api/views.py changed, reloading.
2025-07-26 16:42:57,978 INFO /home/annuvrat/ai-output-backend/api/views.py changed, reloading.
2025-07-26 16:43:07,499 INFO /home/annuvrat/ai-output-backend/api/urls.py changed, reloading.
2025-07-26 17:03:13,217 WARNING Unauthorized: /api/get-outputs/
2025-07-26 17:12:50,204 INFO /home/annuvrat/ai-output-backend/api/views.py changed, reloading.
2025-07-26 17:13:37,159 INFO /home/annuvrat/ai-output-backend/api/views.py changed, reloading.
2025-07-26 17:13:45,701 INFO /home/annuvrat/ai-output-backend/api/views.py changed, reloading.
2025-07-26 17:16:35,752 ERROR Internal Server Error: /api/get-outputs/
Traceback (most recent call last):
  File "/home/annuvrat/ai-output-backend/venv/lib/python3.13/site-packages/django/core/handlers/exception.py", line 55, in inner
    response = get_response(request)
  File "/home/annuvrat/ai-output-backend/venv/lib/python3.13/site-packages/django/core/handlers/base.py", line 197, in _get_response
    response = wrapped_callback(request, *callback_args, **callback_kwargs)
  File "/home/annuvrat/ai-output-backend/venv/lib/python3.13/site-packages/django/views/decorators/csrf.py", line 65, in _view_wrapper
    return view_func(request, *args, **kwargs)
  File "/home/annuvrat/ai-output-backend/venv/lib/python3.13/site-packages/django/views/generic/base.py", line 105, in view
    return self.dispatch(request, *args, **kwargs)
           ~~~~~~~~~~~~~^^^^^^^^^^^^^^^^^^^^^^^^^^
  File "/home/annuvrat/ai-output-backend/venv/lib/python3.13/site-packages/rest_framework/views.py", line 515, in dispatch
    response = self.handle_exception(exc)
  File "/home/annuvrat/ai-output-backend/venv/lib/python3.13/site-packages/rest_framework/views.py", line 475, in handle_exception
    self.raise_uncaught_exception(exc)
    ~~~~~~~~~~~~~~~~~~~~~~~~~~~~~^^^^^
  File "/home/annuvrat/ai-output-backend/venv/lib/python3.13/site-packages/rest_framework/views.py", line 486, in raise_uncaught_exception
    raise exc
  File "/home/annuvrat/ai-output-backend/venv/lib/python3.13/site-packages/rest_framework/views.py", line 512, in dispatch
    response = handler(request, *args, **kwargs)
  File "/home/annuvrat/ai-output-backend/api/views.py", line 113, in get
    datetime.strptime(date, "%Y-%m-%d")
    ^^^^^^^^
NameError: name 'datetime' is not defined. Did you forget to import 'datetime'?
2025-07-26 17:16:51,651 ERROR Internal Server Error: /api/get-outputs/
Traceback (most recent call last):
  File "/home/annuvrat/ai-output-backend/venv/lib/python3.13/site-packages/django/core/handlers/exception.py", line 55, in inner
    response = get_response(request)
  File "/home/annuvrat/ai-output-backend/venv/lib/python3.13/site-packages/django/core/handlers/base.py", line 197, in _get_response
    response = wrapped_callback(request, *callback_args, **callback_kwargs)
  File "/home/annuvrat/ai-output-backend/venv/lib/python3.13/site-packages/django/views/decorators/csrf.py", line 65, in _view_wrapper
    return view_func(request, *args, **kwargs)
  File "/home/annuvrat/ai-output-backend/venv/lib/python3.13/site-packages/django/views/generic/base.py", line 105, in view
    return self.dispatch(request, *args, **kwargs)
           ~~~~~~~~~~~~~^^^^^^^^^^^^^^^^^^^^^^^^^^
  File "/home/annuvrat/ai-output-backend/venv/lib/python3.13/site-packages/rest_framework/views.py", line 515, in dispatch
    response = self.handle_exception(exc)
  File "/home/annuvrat/ai-output-backend/venv/lib/python3.13/site-packages/rest_framework/views.py", line 475, in handle_exception
    self.raise_uncaught_exception(exc)
    ~~~~~~~~~~~~~~~~~~~~~~~~~~~~~^^^^^
  File "/home/annuvrat/ai-output-backend/venv/lib/python3.13/site-packages/rest_framework/views.py", line 486, in raise_uncaught_exception
    raise exc
  File "/home/annuvrat/ai-output-backend/venv/lib/python3.13/site-packages/rest_framework/views.py", line 512, in dispatch
    response = handler(request, *args, **kwargs)
  File "/home/annuvrat/ai-output-backend/api/views.py", line 113, in get
    datetime.strptime(date, "%Y-%m-%d")
    ^^^^^^^^
NameError: name 'datetime' is not defined. Did you forget to import 'datetime'?
2025-07-26 17:16:56,094 ERROR Internal Server Error: /api/get-outputs/
Traceback (most recent call last):
  File "/home/annuvrat/ai-output-backend/venv/lib/python3.13/site-packages/django/core/handlers/exception.py", line 55, in inner
    response = get_response(request)
  File "/home/annuvrat/ai-output-backend/venv/lib/python3.13/site-packages/django/core/handlers/base.py", line 197, in _get_response
    response = wrapped_callback(request, *callback_args, **callback_kwargs)
  File "/home/annuvrat/ai-output-backend/venv/lib/python3.13/site-packages/django/views/decorators/csrf.py", line 65, in _view_wrapper
    return view_func(request, *args, **kwargs)
  File "/home/annuvrat/ai-output-backend/venv/lib/python3.13/site-packages/django/views/generic/base.py", line 105, in view
    return self.dispatch(request, *args, **kwargs)
           ~~~~~~~~~~~~~^^^^^^^^^^^^^^^^^^^^^^^^^^
  File "/home/annuvrat/ai-output-backend/venv/lib/python3.13/site-packages/rest_framework/views.py", line 515, in dispatch
    response = self.handle_exception(exc)
  File "/home/annuvrat/ai-output-backend/venv/lib/python3.13/site-packages/rest_framework/views.py", line 475, in handle_exception
    self.raise_uncaught_exception(exc)
    ~~~~~~~~~~~~~~~~~~~~~~~~~~~~~^^^^^
  File "/home/annuvrat/ai-output-backend/venv/lib/python3.13/site-packages/rest_framework/views.py", line 486, in raise_uncaught_exception
    raise exc
  File "/home/annuvrat/ai-output-backend/venv/lib/python3.13/site-packages/rest_framework/views.py", line 512, in dispatch
    response = handler(request, *args, **kwargs)
  File "/home/annuvrat/ai-output-backend/api/views.py", line 113, in get
    datetime.strptime(date, "%Y-%m-%d")
    ^^^^^^^^
NameError: name 'datetime' is not defined. Did you forget to import 'datetime'?
2025-07-26 17:17:40,553 ERROR Internal Server Error: /api/get-outputs/
Traceback (most recent call last):
  File "/home/annuvrat/ai-output-backend/venv/lib/python3.13/site-packages/django/core/handlers/exception.py", line 55, in inner
    response = get_response(request)
  File "/home/annuvrat/ai-output-backend/venv/lib/python3.13/site-packages/django/core/handlers/base.py", line 197, in _get_response
    response = wrapped_callback(request, *callback_args, **callback_kwargs)
  File "/home/annuvrat/ai-output-backend/venv/lib/python3.13/site-packages/django/views/decorators/csrf.py", line 65, in _view_wrapper
    return view_func(request, *args, **kwargs)
  File "/home/annuvrat/ai-output-backend/venv/lib/python3.13/site-packages/django/views/generic/base.py", line 105, in view
    return self.dispatch(request, *args, **kwargs)
           ~~~~~~~~~~~~~^^^^^^^^^^^^^^^^^^^^^^^^^^
  File "/home/annuvrat/ai-output-backend/venv/lib/python3.13/site-packages/rest_framework/views.py", line 515, in dispatch
    response = self.handle_exception(exc)
  File "/home/annuvrat/ai-output-backend/venv/lib/python3.13/site-packages/rest_framework/views.py", line 475, in handle_exception
    self.raise_uncaught_exception(exc)
    ~~~~~~~~~~~~~~~~~~~~~~~~~~~~~^^^^^
  File "/home/annuvrat/ai-output-backend/venv/lib/python3.13/site-packages/rest_framework/views.py", line 486, in raise_uncaught_exception
    raise exc
  File "/home/annuvrat/ai-output-backend/venv/lib/python3.13/site-packages/rest_framework/views.py", line 512, in dispatch
    response = handler(request, *args, **kwargs)
  File "/home/annuvrat/ai-output-backend/api/views.py", line 113, in get
    datetime.strptime(date, "%Y-%m-%d")
    ^^^^^^^^
NameError: name 'datetime' is not defined. Did you forget to import 'datetime'?
2025-07-26 17:17:50,485 ERROR Internal Server Error: /api/get-outputs/
Traceback (most recent call last):
  File "/home/annuvrat/ai-output-backend/venv/lib/python3.13/site-packages/django/core/handlers/exception.py", line 55, in inner
    response = get_response(request)
  File "/home/annuvrat/ai-output-backend/venv/lib/python3.13/site-packages/django/core/handlers/base.py", line 197, in _get_response
    response = wrapped_callback(request, *callback_args, **callback_kwargs)
  File "/home/annuvrat/ai-output-backend/venv/lib/python3.13/site-packages/django/views/decorators/csrf.py", line 65, in _view_wrapper
    return view_func(request, *args, **kwargs)
  File "/home/annuvrat/ai-output-backend/venv/lib/python3.13/site-packages/django/views/generic/base.py", line 105, in view
    return self.dispatch(request, *args, **kwargs)
           ~~~~~~~~~~~~~^^^^^^^^^^^^^^^^^^^^^^^^^^
  File "/home/annuvrat/ai-output-backend/venv/lib/python3.13/site-packages/rest_framework/views.py", line 515, in dispatch
    response = self.handle_exception(exc)
  File "/home/annuvrat/ai-output-backend/venv/lib/python3.13/site-packages/rest_framework/views.py", line 475, in handle_exception
    self.raise_uncaught_exception(exc)
    ~~~~~~~~~~~~~~~~~~~~~~~~~~~~~^^^^^
  File "/home/annuvrat/ai-output-backend/venv/lib/python3.13/site-packages/rest_framework/views.py", line 486, in raise_uncaught_exception
    raise exc
  File "/home/annuvrat/ai-output-backend/venv/lib/python3.13/site-packages/rest_framework/views.py", line 512, in dispatch
    response = handler(request, *args, **kwargs)
  File "/home/annuvrat/ai-output-backend/api/views.py", line 113, in get
    datetime.strptime(date, "%Y-%m-%d")
    ^^^^^^^^
NameError: name 'datetime' is not defined. Did you forget to import 'datetime'?
2025-07-26 17:18:26,242 WARNING Unauthorized: /api/get-outputs/
2025-07-26 17:18:32,546 WARNING Unauthorized: /api/get-outputs/
2025-07-26 17:20:14,630 WARNING Unauthorized: /api/store-output/
2025-07-26 17:20:45,054 INFO Output stored: [{'id': 'ac7a0771-da22-4570-b353-2ea093d3bcfb', 'created_at': '2025-07-26T17:20:44.970442+00:00', 'user_id': '871ff812-7b64-4b61-a062-616765820f6c', 'tool_name': 'ai tool', 'output_content': {'questions': ['What is AI?', 'Define neural networks.'], 'difficulty': 'diff'}}]
2025-07-26 17:20:53,968 INFO Output stored: [{'id': 'ed6d0d38-b1fd-416b-ae64-e1395a4b509d', 'created_at': '2025-07-26T17:20:53.912311+00:00', 'user_id': '871ff812-7b64-4b61-a062-616765820f6c', 'tool_name': 'binge', 'output_content': {'questions': ['What is AI?', 'Define neural networks.'], 'difficulty': 'diff'}}]
2025-07-26 17:21:04,021 INFO Output stored: [{'id': '6fcd1c4a-e03c-40a4-b8e0-fc0d4e05811e', 'created_at': '2025-07-26T17:21:03.846669+00:00', 'user_id': '871ff812-7b64-4b61-a062-616765820f6c', 'tool_name': 'yolearn', 'output_content': {'questions': ['What is AI?', 'Define  networks.'], 'difficulty': 'diff'}}]
2025-07-26 17:24:41,814 INFO /home/annuvrat/ai-output-backend/api/views.py changed, reloading.
2025-07-26 17:26:30,181 INFO /home/annuvrat/ai-output-backend/api/views.py changed, reloading.
2025-07-26 17:26:49,775 INFO /home/annuvrat/ai-output-backend/api/views.py changed, reloading.
2025-07-26 17:27:17,830 ERROR Internal Server Error: /api/get-outputs/
2025-07-26 17:28:09,948 INFO /home/annuvrat/ai-output-backend/api/views.py changed, reloading.
2025-07-26 17:28:23,467 INFO /home/annuvrat/ai-output-backend/api/views.py changed, reloading.
2025-07-26 17:28:32,345 INFO /home/annuvrat/ai-output-backend/api/views.py changed, reloading.
2025-07-26 17:28:59,165 WARNING Bad Request: /api/get-outputs/
2025-07-26 17:29:05,415 INFO /home/annuvrat/ai-output-backend/api/views.py changed, reloading.
2025-07-26 17:29:07,872 INFO /home/annuvrat/ai-output-backend/api/views.py changed, reloading.
2025-07-26 17:29:11,314 INFO /home/annuvrat/ai-output-backend/api/views.py changed, reloading.
2025-07-26 17:29:19,142 WARNING Bad Request: /api/get-outputs/
2025-07-26 17:30:17,832 ERROR Internal Server Error: /api/get-outputs/
Traceback (most recent call last):
  File "/home/annuvrat/ai-output-backend/venv/lib/python3.13/site-packages/django/core/handlers/exception.py", line 55, in inner
    response = get_response(request)
  File "/home/annuvrat/ai-output-backend/venv/lib/python3.13/site-packages/django/core/handlers/base.py", line 197, in _get_response
    response = wrapped_callback(request, *callback_args, **callback_kwargs)
  File "/home/annuvrat/ai-output-backend/venv/lib/python3.13/site-packages/django/views/decorators/csrf.py", line 65, in _view_wrapper
    return view_func(request, *args, **kwargs)
  File "/home/annuvrat/ai-output-backend/venv/lib/python3.13/site-packages/django/views/generic/base.py", line 105, in view
    return self.dispatch(request, *args, **kwargs)
           ~~~~~~~~~~~~~^^^^^^^^^^^^^^^^^^^^^^^^^^
  File "/home/annuvrat/ai-output-backend/venv/lib/python3.13/site-packages/rest_framework/views.py", line 515, in dispatch
    response = self.handle_exception(exc)
  File "/home/annuvrat/ai-output-backend/venv/lib/python3.13/site-packages/rest_framework/views.py", line 475, in handle_exception
    self.raise_uncaught_exception(exc)
    ~~~~~~~~~~~~~~~~~~~~~~~~~~~~~^^^^^
  File "/home/annuvrat/ai-output-backend/venv/lib/python3.13/site-packages/rest_framework/views.py", line 486, in raise_uncaught_exception
    raise exc
  File "/home/annuvrat/ai-output-backend/venv/lib/python3.13/site-packages/rest_framework/views.py", line 512, in dispatch
    response = handler(request, *args, **kwargs)
  File "/home/annuvrat/ai-output-backend/api/views.py", line 113, in get
    datetime.strptime(date, "%Y-%m-%d")
    ^^^^^^^^
NameError: name 'datetime' is not defined. Did you forget to import 'datetime'?
2025-07-26 17:30:31,470 ERROR Internal Server Error: /api/get-outputs/
Traceback (most recent call last):
  File "/home/annuvrat/ai-output-backend/venv/lib/python3.13/site-packages/django/core/handlers/exception.py", line 55, in inner
    response = get_response(request)
  File "/home/annuvrat/ai-output-backend/venv/lib/python3.13/site-packages/django/core/handlers/base.py", line 197, in _get_response
    response = wrapped_callback(request, *callback_args, **callback_kwargs)
  File "/home/annuvrat/ai-output-backend/venv/lib/python3.13/site-packages/django/views/decorators/csrf.py", line 65, in _view_wrapper
    return view_func(request, *args, **kwargs)
  File "/home/annuvrat/ai-output-backend/venv/lib/python3.13/site-packages/django/views/generic/base.py", line 105, in view
    return self.dispatch(request, *args, **kwargs)
           ~~~~~~~~~~~~~^^^^^^^^^^^^^^^^^^^^^^^^^^
  File "/home/annuvrat/ai-output-backend/venv/lib/python3.13/site-packages/rest_framework/views.py", line 515, in dispatch
    response = self.handle_exception(exc)
  File "/home/annuvrat/ai-output-backend/venv/lib/python3.13/site-packages/rest_framework/views.py", line 475, in handle_exception
    self.raise_uncaught_exception(exc)
    ~~~~~~~~~~~~~~~~~~~~~~~~~~~~~^^^^^
  File "/home/annuvrat/ai-output-backend/venv/lib/python3.13/site-packages/rest_framework/views.py", line 486, in raise_uncaught_exception
    raise exc
  File "/home/annuvrat/ai-output-backend/venv/lib/python3.13/site-packages/rest_framework/views.py", line 512, in dispatch
    response = handler(request, *args, **kwargs)
  File "/home/annuvrat/ai-output-backend/api/views.py", line 113, in get
    datetime.strptime(date, "%Y-%m-%d")
    ^^^^^^^^
NameError: name 'datetime' is not defined. Did you forget to import 'datetime'?
2025-07-26 17:30:32,424 ERROR Internal Server Error: /api/get-outputs/
Traceback (most recent call last):
  File "/home/annuvrat/ai-output-backend/venv/lib/python3.13/site-packages/django/core/handlers/exception.py", line 55, in inner
    response = get_response(request)
  File "/home/annuvrat/ai-output-backend/venv/lib/python3.13/site-packages/django/core/handlers/base.py", line 197, in _get_response
    response = wrapped_callback(request, *callback_args, **callback_kwargs)
  File "/home/annuvrat/ai-output-backend/venv/lib/python3.13/site-packages/django/views/decorators/csrf.py", line 65, in _view_wrapper
    return view_func(request, *args, **kwargs)
  File "/home/annuvrat/ai-output-backend/venv/lib/python3.13/site-packages/django/views/generic/base.py", line 105, in view
    return self.dispatch(request, *args, **kwargs)
           ~~~~~~~~~~~~~^^^^^^^^^^^^^^^^^^^^^^^^^^
  File "/home/annuvrat/ai-output-backend/venv/lib/python3.13/site-packages/rest_framework/views.py", line 515, in dispatch
    response = self.handle_exception(exc)
  File "/home/annuvrat/ai-output-backend/venv/lib/python3.13/site-packages/rest_framework/views.py", line 475, in handle_exception
    self.raise_uncaught_exception(exc)
    ~~~~~~~~~~~~~~~~~~~~~~~~~~~~~^^^^^
  File "/home/annuvrat/ai-output-backend/venv/lib/python3.13/site-packages/rest_framework/views.py", line 486, in raise_uncaught_exception
    raise exc
  File "/home/annuvrat/ai-output-backend/venv/lib/python3.13/site-packages/rest_framework/views.py", line 512, in dispatch
    response = handler(request, *args, **kwargs)
  File "/home/annuvrat/ai-output-backend/api/views.py", line 113, in get
    datetime.strptime(date, "%Y-%m-%d")
    ^^^^^^^^
NameError: name 'datetime' is not defined. Did you forget to import 'datetime'?
2025-07-26 17:30:33,050 ERROR Internal Server Error: /api/get-outputs/
Traceback (most recent call last):
  File "/home/annuvrat/ai-output-backend/venv/lib/python3.13/site-packages/django/core/handlers/exception.py", line 55, in inner
    response = get_response(request)
  File "/home/annuvrat/ai-output-backend/venv/lib/python3.13/site-packages/django/core/handlers/base.py", line 197, in _get_response
    response = wrapped_callback(request, *callback_args, **callback_kwargs)
  File "/home/annuvrat/ai-output-backend/venv/lib/python3.13/site-packages/django/views/decorators/csrf.py", line 65, in _view_wrapper
    return view_func(request, *args, **kwargs)
  File "/home/annuvrat/ai-output-backend/venv/lib/python3.13/site-packages/django/views/generic/base.py", line 105, in view
    return self.dispatch(request, *args, **kwargs)
           ~~~~~~~~~~~~~^^^^^^^^^^^^^^^^^^^^^^^^^^
  File "/home/annuvrat/ai-output-backend/venv/lib/python3.13/site-packages/rest_framework/views.py", line 515, in dispatch
    response = self.handle_exception(exc)
  File "/home/annuvrat/ai-output-backend/venv/lib/python3.13/site-packages/rest_framework/views.py", line 475, in handle_exception
    self.raise_uncaught_exception(exc)
    ~~~~~~~~~~~~~~~~~~~~~~~~~~~~~^^^^^
  File "/home/annuvrat/ai-output-backend/venv/lib/python3.13/site-packages/rest_framework/views.py", line 486, in raise_uncaught_exception
    raise exc
  File "/home/annuvrat/ai-output-backend/venv/lib/python3.13/site-packages/rest_framework/views.py", line 512, in dispatch
    response = handler(request, *args, **kwargs)
  File "/home/annuvrat/ai-output-backend/api/views.py", line 113, in get
    datetime.strptime(date, "%Y-%m-%d")
    ^^^^^^^^
NameError: name 'datetime' is not defined. Did you forget to import 'datetime'?
2025-07-26 17:30:33,552 ERROR Internal Server Error: /api/get-outputs/
Traceback (most recent call last):
  File "/home/annuvrat/ai-output-backend/venv/lib/python3.13/site-packages/django/core/handlers/exception.py", line 55, in inner
    response = get_response(request)
  File "/home/annuvrat/ai-output-backend/venv/lib/python3.13/site-packages/django/core/handlers/base.py", line 197, in _get_response
    response = wrapped_callback(request, *callback_args, **callback_kwargs)
  File "/home/annuvrat/ai-output-backend/venv/lib/python3.13/site-packages/django/views/decorators/csrf.py", line 65, in _view_wrapper
    return view_func(request, *args, **kwargs)
  File "/home/annuvrat/ai-output-backend/venv/lib/python3.13/site-packages/django/views/generic/base.py", line 105, in view
    return self.dispatch(request, *args, **kwargs)
           ~~~~~~~~~~~~~^^^^^^^^^^^^^^^^^^^^^^^^^^
  File "/home/annuvrat/ai-output-backend/venv/lib/python3.13/site-packages/rest_framework/views.py", line 515, in dispatch
    response = self.handle_exception(exc)
  File "/home/annuvrat/ai-output-backend/venv/lib/python3.13/site-packages/rest_framework/views.py", line 475, in handle_exception
    self.raise_uncaught_exception(exc)
    ~~~~~~~~~~~~~~~~~~~~~~~~~~~~~^^^^^
  File "/home/annuvrat/ai-output-backend/venv/lib/python3.13/site-packages/rest_framework/views.py", line 486, in raise_uncaught_exception
    raise exc
  File "/home/annuvrat/ai-output-backend/venv/lib/python3.13/site-packages/rest_framework/views.py", line 512, in dispatch
    response = handler(request, *args, **kwargs)
  File "/home/annuvrat/ai-output-backend/api/views.py", line 113, in get
    datetime.strptime(date, "%Y-%m-%d")
    ^^^^^^^^
NameError: name 'datetime' is not defined. Did you forget to import 'datetime'?
2025-07-26 17:30:34,056 ERROR Internal Server Error: /api/get-outputs/
Traceback (most recent call last):
  File "/home/annuvrat/ai-output-backend/venv/lib/python3.13/site-packages/django/core/handlers/exception.py", line 55, in inner
    response = get_response(request)
  File "/home/annuvrat/ai-output-backend/venv/lib/python3.13/site-packages/django/core/handlers/base.py", line 197, in _get_response
    response = wrapped_callback(request, *callback_args, **callback_kwargs)
  File "/home/annuvrat/ai-output-backend/venv/lib/python3.13/site-packages/django/views/decorators/csrf.py", line 65, in _view_wrapper
    return view_func(request, *args, **kwargs)
  File "/home/annuvrat/ai-output-backend/venv/lib/python3.13/site-packages/django/views/generic/base.py", line 105, in view
    return self.dispatch(request, *args, **kwargs)
           ~~~~~~~~~~~~~^^^^^^^^^^^^^^^^^^^^^^^^^^
  File "/home/annuvrat/ai-output-backend/venv/lib/python3.13/site-packages/rest_framework/views.py", line 515, in dispatch
    response = self.handle_exception(exc)
  File "/home/annuvrat/ai-output-backend/venv/lib/python3.13/site-packages/rest_framework/views.py", line 475, in handle_exception
    self.raise_uncaught_exception(exc)
    ~~~~~~~~~~~~~~~~~~~~~~~~~~~~~^^^^^
  File "/home/annuvrat/ai-output-backend/venv/lib/python3.13/site-packages/rest_framework/views.py", line 486, in raise_uncaught_exception
    raise exc
  File "/home/annuvrat/ai-output-backend/venv/lib/python3.13/site-packages/rest_framework/views.py", line 512, in dispatch
    response = handler(request, *args, **kwargs)
  File "/home/annuvrat/ai-output-backend/api/views.py", line 113, in get
    datetime.strptime(date, "%Y-%m-%d")
    ^^^^^^^^
NameError: name 'datetime' is not defined. Did you forget to import 'datetime'?
2025-07-26 17:30:34,527 ERROR Internal Server Error: /api/get-outputs/
Traceback (most recent call last):
  File "/home/annuvrat/ai-output-backend/venv/lib/python3.13/site-packages/django/core/handlers/exception.py", line 55, in inner
    response = get_response(request)
  File "/home/annuvrat/ai-output-backend/venv/lib/python3.13/site-packages/django/core/handlers/base.py", line 197, in _get_response
    response = wrapped_callback(request, *callback_args, **callback_kwargs)
  File "/home/annuvrat/ai-output-backend/venv/lib/python3.13/site-packages/django/views/decorators/csrf.py", line 65, in _view_wrapper
    return view_func(request, *args, **kwargs)
  File "/home/annuvrat/ai-output-backend/venv/lib/python3.13/site-packages/django/views/generic/base.py", line 105, in view
    return self.dispatch(request, *args, **kwargs)
           ~~~~~~~~~~~~~^^^^^^^^^^^^^^^^^^^^^^^^^^
  File "/home/annuvrat/ai-output-backend/venv/lib/python3.13/site-packages/rest_framework/views.py", line 515, in dispatch
    response = self.handle_exception(exc)
  File "/home/annuvrat/ai-output-backend/venv/lib/python3.13/site-packages/rest_framework/views.py", line 475, in handle_exception
    self.raise_uncaught_exception(exc)
    ~~~~~~~~~~~~~~~~~~~~~~~~~~~~~^^^^^
  File "/home/annuvrat/ai-output-backend/venv/lib/python3.13/site-packages/rest_framework/views.py", line 486, in raise_uncaught_exception
    raise exc
  File "/home/annuvrat/ai-output-backend/venv/lib/python3.13/site-packages/rest_framework/views.py", line 512, in dispatch
    response = handler(request, *args, **kwargs)
  File "/home/annuvrat/ai-output-backend/api/views.py", line 113, in get
    datetime.strptime(date, "%Y-%m-%d")
    ^^^^^^^^
NameError: name 'datetime' is not defined. Did you forget to import 'datetime'?
2025-07-26 17:30:35,696 ERROR Internal Server Error: /api/get-outputs/
Traceback (most recent call last):
  File "/home/annuvrat/ai-output-backend/venv/lib/python3.13/site-packages/django/core/handlers/exception.py", line 55, in inner
    response = get_response(request)
  File "/home/annuvrat/ai-output-backend/venv/lib/python3.13/site-packages/django/core/handlers/base.py", line 197, in _get_response
    response = wrapped_callback(request, *callback_args, **callback_kwargs)
  File "/home/annuvrat/ai-output-backend/venv/lib/python3.13/site-packages/django/views/decorators/csrf.py", line 65, in _view_wrapper
    return view_func(request, *args, **kwargs)
  File "/home/annuvrat/ai-output-backend/venv/lib/python3.13/site-packages/django/views/generic/base.py", line 105, in view
    return self.dispatch(request, *args, **kwargs)
           ~~~~~~~~~~~~~^^^^^^^^^^^^^^^^^^^^^^^^^^
  File "/home/annuvrat/ai-output-backend/venv/lib/python3.13/site-packages/rest_framework/views.py", line 515, in dispatch
    response = self.handle_exception(exc)
  File "/home/annuvrat/ai-output-backend/venv/lib/python3.13/site-packages/rest_framework/views.py", line 475, in handle_exception
    self.raise_uncaught_exception(exc)
    ~~~~~~~~~~~~~~~~~~~~~~~~~~~~~^^^^^
  File "/home/annuvrat/ai-output-backend/venv/lib/python3.13/site-packages/rest_framework/views.py", line 486, in raise_uncaught_exception
    raise exc
  File "/home/annuvrat/ai-output-backend/venv/lib/python3.13/site-packages/rest_framework/views.py", line 512, in dispatch
    response = handler(request, *args, **kwargs)
  File "/home/annuvrat/ai-output-backend/api/views.py", line 113, in get
    datetime.strptime(date, "%Y-%m-%d")
    ^^^^^^^^
NameError: name 'datetime' is not defined. Did you forget to import 'datetime'?
2025-07-26 17:30:42,712 ERROR Internal Server Error: /api/get-outputs/
Traceback (most recent call last):
  File "/home/annuvrat/ai-output-backend/venv/lib/python3.13/site-packages/django/core/handlers/exception.py", line 55, in inner
    response = get_response(request)
  File "/home/annuvrat/ai-output-backend/venv/lib/python3.13/site-packages/django/core/handlers/base.py", line 197, in _get_response
    response = wrapped_callback(request, *callback_args, **callback_kwargs)
  File "/home/annuvrat/ai-output-backend/venv/lib/python3.13/site-packages/django/views/decorators/csrf.py", line 65, in _view_wrapper
    return view_func(request, *args, **kwargs)
  File "/home/annuvrat/ai-output-backend/venv/lib/python3.13/site-packages/django/views/generic/base.py", line 105, in view
    return self.dispatch(request, *args, **kwargs)
           ~~~~~~~~~~~~~^^^^^^^^^^^^^^^^^^^^^^^^^^
  File "/home/annuvrat/ai-output-backend/venv/lib/python3.13/site-packages/rest_framework/views.py", line 515, in dispatch
    response = self.handle_exception(exc)
  File "/home/annuvrat/ai-output-backend/venv/lib/python3.13/site-packages/rest_framework/views.py", line 475, in handle_exception
    self.raise_uncaught_exception(exc)
    ~~~~~~~~~~~~~~~~~~~~~~~~~~~~~^^^^^
  File "/home/annuvrat/ai-output-backend/venv/lib/python3.13/site-packages/rest_framework/views.py", line 486, in raise_uncaught_exception
    raise exc
  File "/home/annuvrat/ai-output-backend/venv/lib/python3.13/site-packages/rest_framework/views.py", line 512, in dispatch
    response = handler(request, *args, **kwargs)
  File "/home/annuvrat/ai-output-backend/api/views.py", line 113, in get
    datetime.strptime(date, "%Y-%m-%d")
    ^^^^^^^^
NameError: name 'datetime' is not defined. Did you forget to import 'datetime'?
2025-07-26 17:32:42,877 ERROR Internal Server Error: /api/get-outputs/
Traceback (most recent call last):
  File "/home/annuvrat/ai-output-backend/venv/lib/python3.13/site-packages/django/core/handlers/exception.py", line 55, in inner
    response = get_response(request)
  File "/home/annuvrat/ai-output-backend/venv/lib/python3.13/site-packages/django/core/handlers/base.py", line 197, in _get_response
    response = wrapped_callback(request, *callback_args, **callback_kwargs)
  File "/home/annuvrat/ai-output-backend/venv/lib/python3.13/site-packages/django/views/decorators/csrf.py", line 65, in _view_wrapper
    return view_func(request, *args, **kwargs)
  File "/home/annuvrat/ai-output-backend/venv/lib/python3.13/site-packages/django/views/generic/base.py", line 105, in view
    return self.dispatch(request, *args, **kwargs)
           ~~~~~~~~~~~~~^^^^^^^^^^^^^^^^^^^^^^^^^^
  File "/home/annuvrat/ai-output-backend/venv/lib/python3.13/site-packages/rest_framework/views.py", line 515, in dispatch
    response = self.handle_exception(exc)
  File "/home/annuvrat/ai-output-backend/venv/lib/python3.13/site-packages/rest_framework/views.py", line 475, in handle_exception
    self.raise_uncaught_exception(exc)
    ~~~~~~~~~~~~~~~~~~~~~~~~~~~~~^^^^^
  File "/home/annuvrat/ai-output-backend/venv/lib/python3.13/site-packages/rest_framework/views.py", line 486, in raise_uncaught_exception
    raise exc
  File "/home/annuvrat/ai-output-backend/venv/lib/python3.13/site-packages/rest_framework/views.py", line 512, in dispatch
    response = handler(request, *args, **kwargs)
  File "/home/annuvrat/ai-output-backend/api/views.py", line 113, in get
    datetime.strptime(date, "%Y-%m-%d")
    ^^^^^^^^
NameError: name 'datetime' is not defined. Did you forget to import 'datetime'?
2025-07-26 17:33:08,140 ERROR Internal Server Error: /api/get-outputs/
2025-07-26 17:33:18,378 ERROR Internal Server Error: /api/get-outputs/
2025-07-26 17:33:23,417 ERROR Internal Server Error: /api/get-outputs/
2025-07-26 17:33:41,999 INFO /home/annuvrat/ai-output-backend/api/views.py changed, reloading.
2025-07-26 17:34:14,587 ERROR Internal Server Error: /api/get-outputs/
2025-07-26 17:35:46,435 INFO /home/annuvrat/ai-output-backend/api/views.py changed, reloading.
2025-07-26 17:35:48,875 INFO /home/annuvrat/ai-output-backend/api/views.py changed, reloading.
2025-07-26 17:35:53,336 INFO /home/annuvrat/ai-output-backend/api/views.py changed, reloading.
2025-07-26 17:36:14,662 INFO /home/annuvrat/ai-output-backend/api/views.py changed, reloading.
2025-07-26 17:38:13,589 ERROR Internal Server Error: /api/get-outputs/
2025-07-26 17:38:28,967 ERROR Internal Server Error: /api/get-outputs/
2025-07-26 17:38:35,520 ERROR Internal Server Error: /api/get-outputs/
2025-07-26 17:40:36,572 INFO Output stored: [{'id': 'e996d0e3-1d50-482d-ab44-dceeb1d83ed9', 'created_at': '2025-07-26T17:40:36.383816+00:00', 'user_id': '871ff812-7b64-4b61-a062-616765820f6c', 'tool_name': 'yolearn', 'output_content': {'questions': ['What is AI?', 'Define  networks.'], 'difficulty': 'diff'}}]
2025-07-26 17:40:37,767 INFO Output stored: [{'id': 'a845badd-ad58-4602-b285-0cf25604637f', 'created_at': '2025-07-26T17:40:37.633491+00:00', 'user_id': '871ff812-7b64-4b61-a062-616765820f6c', 'tool_name': 'yolearn', 'output_content': {'questions': ['What is AI?', 'Define  networks.'], 'difficulty': 'diff'}}]
2025-07-26 17:40:39,083 INFO Output stored: [{'id': 'f83921b8-30d6-459d-b0ee-e2b65e3fe654', 'created_at': '2025-07-26T17:40:38.9552+00:00', 'user_id': '871ff812-7b64-4b61-a062-616765820f6c', 'tool_name': 'yolearn', 'output_content': {'questions': ['What is AI?', 'Define  networks.'], 'difficulty': 'diff'}}]
2025-07-26 17:40:39,906 INFO Output stored: [{'id': '67fe4694-d4e9-4645-8c3c-b6dbe6916828', 'created_at': '2025-07-26T17:40:39.797916+00:00', 'user_id': '871ff812-7b64-4b61-a062-616765820f6c', 'tool_name': 'yolearn', 'output_content': {'questions': ['What is AI?', 'Define  networks.'], 'difficulty': 'diff'}}]
2025-07-26 17:40:40,630 INFO Output stored: [{'id': 'f1b08a30-a374-4627-a9c2-3a081d95699c', 'created_at': '2025-07-26T17:40:40.567906+00:00', 'user_id': '871ff812-7b64-4b61-a062-616765820f6c', 'tool_name': 'yolearn', 'output_content': {'questions': ['What is AI?', 'Define  networks.'], 'difficulty': 'diff'}}]
2025-07-26 17:40:45,059 ERROR Internal Server Error: /api/get-outputs/
2025-07-26 17:40:49,154 ERROR Internal Server Error: /api/get-outputs/
2025-07-26 17:41:08,304 ERROR Internal Server Error: /api/get-outputs/
2025-07-26 17:42:07,556 ERROR Internal Server Error: /api/get-outputs/
2025-07-26 17:43:44,491 INFO /home/annuvrat/ai-output-backend/api/views.py changed, reloading.
2025-07-26 17:43:45,932 INFO /home/annuvrat/ai-output-backend/api/views.py changed, reloading.
2025-07-26 17:44:11,006 INFO /home/annuvrat/ai-output-backend/api/views.py changed, reloading.
2025-07-26 17:44:17,232 ERROR Internal Server Error: /api/get-outputs/
2025-07-26 17:44:32,084 ERROR Internal Server Error: /api/get-outputs/
2025-07-26 17:44:38,355 ERROR Internal Server Error: /api/get-outputs/
2025-07-26 17:44:40,441 ERROR Internal Server Error: /api/get-outputs/
2025-07-26 17:44:49,240 ERROR Internal Server Error: /api/get-outputs/
2025-07-26 17:44:50,226 ERROR Internal Server Error: /api/get-outputs/
2025-07-26 17:44:52,602 INFO Output stored: [{'id': 'a44b77d4-2620-4730-b059-a514ae02a477', 'created_at': '2025-07-26T17:44:52.539631+00:00', 'user_id': '871ff812-7b64-4b61-a062-616765820f6c', 'tool_name': 'yolearn', 'output_content': {'questions': ['What is AI?', 'Define  networks.'], 'difficulty': 'diff'}}]
2025-07-26 17:46:56,804 INFO /home/annuvrat/ai-output-backend/api/views.py changed, reloading.
2025-07-26 17:47:00,218 ERROR Internal Server Error: /api/get-outputs/
2025-07-26 17:47:46,657 INFO /home/annuvrat/ai-output-backend/api/views.py changed, reloading.
2025-07-26 17:47:48,092 INFO /home/annuvrat/ai-output-backend/api/views.py changed, reloading.
2025-07-26 17:47:49,527 INFO /home/annuvrat/ai-output-backend/api/views.py changed, reloading.
2025-07-26 17:47:50,959 INFO /home/annuvrat/ai-output-backend/api/views.py changed, reloading.
2025-07-26 17:47:52,395 INFO /home/annuvrat/ai-output-backend/api/views.py changed, reloading.
2025-07-26 17:48:07,942 INFO /home/annuvrat/ai-output-backend/api/views.py changed, reloading.
2025-07-26 17:49:59,946 ERROR Internal Server Error: /api/get-outputs/
2025-07-26 18:02:50,143 INFO /home/annuvrat/ai-output-backend/api/views.py changed, reloading.
2025-07-26 18:03:07,707 INFO /home/annuvrat/ai-output-backend/api/views.py changed, reloading.
2025-07-26 18:03:24,930 ERROR Internal Server Error: /api/get-outputs/
2025-07-26 18:03:34,230 ERROR Internal Server Error: /api/get-outputs/
2025-07-26 18:04:23,703 ERROR Internal Server Error: /api/get-outputs/
2025-07-26 18:06:34,911 INFO /home/annuvrat/ai-output-backend/api/views.py changed, reloading.
2025-07-26 18:06:39,863 ERROR Internal Server Error: /api/get-outputs/
Traceback (most recent call last):
  File "/home/annuvrat/ai-output-backend/venv/lib/python3.13/site-packages/django/core/handlers/exception.py", line 55, in inner
    response = get_response(request)
  File "/home/annuvrat/ai-output-backend/venv/lib/python3.13/site-packages/django/core/handlers/base.py", line 197, in _get_response
    response = wrapped_callback(request, *callback_args, **callback_kwargs)
  File "/home/annuvrat/ai-output-backend/venv/lib/python3.13/site-packages/django/views/decorators/csrf.py", line 65, in _view_wrapper
    return view_func(request, *args, **kwargs)
  File "/home/annuvrat/ai-output-backend/venv/lib/python3.13/site-packages/django/views/generic/base.py", line 105, in view
    return self.dispatch(request, *args, **kwargs)
           ~~~~~~~~~~~~~^^^^^^^^^^^^^^^^^^^^^^^^^^
  File "/home/annuvrat/ai-output-backend/venv/lib/python3.13/site-packages/rest_framework/views.py", line 515, in dispatch
    response = self.handle_exception(exc)
  File "/home/annuvrat/ai-output-backend/venv/lib/python3.13/site-packages/rest_framework/views.py", line 475, in handle_exception
    self.raise_uncaught_exception(exc)
    ~~~~~~~~~~~~~~~~~~~~~~~~~~~~~^^^^^
  File "/home/annuvrat/ai-output-backend/venv/lib/python3.13/site-packages/rest_framework/views.py", line 486, in raise_uncaught_exception
    raise exc
  File "/home/annuvrat/ai-output-backend/venv/lib/python3.13/site-packages/rest_framework/views.py", line 512, in dispatch
    response = handler(request, *args, **kwargs)
  File "/home/annuvrat/ai-output-backend/api/views.py", line 157, in get
    total_items = int(count_resp.headers.get("Content-Range", "0-0").split("/")[-1])
ValueError: invalid literal for int() with base 10: '0-0'
2025-07-26 18:06:43,941 ERROR Internal Server Error: /api/get-outputs/
Traceback (most recent call last):
  File "/home/annuvrat/ai-output-backend/venv/lib/python3.13/site-packages/django/core/handlers/exception.py", line 55, in inner
    response = get_response(request)
  File "/home/annuvrat/ai-output-backend/venv/lib/python3.13/site-packages/django/core/handlers/base.py", line 197, in _get_response
    response = wrapped_callback(request, *callback_args, **callback_kwargs)
  File "/home/annuvrat/ai-output-backend/venv/lib/python3.13/site-packages/django/views/decorators/csrf.py", line 65, in _view_wrapper
    return view_func(request, *args, **kwargs)
  File "/home/annuvrat/ai-output-backend/venv/lib/python3.13/site-packages/django/views/generic/base.py", line 105, in view
    return self.dispatch(request, *args, **kwargs)
           ~~~~~~~~~~~~~^^^^^^^^^^^^^^^^^^^^^^^^^^
  File "/home/annuvrat/ai-output-backend/venv/lib/python3.13/site-packages/rest_framework/views.py", line 515, in dispatch
    response = self.handle_exception(exc)
  File "/home/annuvrat/ai-output-backend/venv/lib/python3.13/site-packages/rest_framework/views.py", line 475, in handle_exception
    self.raise_uncaught_exception(exc)
    ~~~~~~~~~~~~~~~~~~~~~~~~~~~~~^^^^^
  File "/home/annuvrat/ai-output-backend/venv/lib/python3.13/site-packages/rest_framework/views.py", line 486, in raise_uncaught_exception
    raise exc
  File "/home/annuvrat/ai-output-backend/venv/lib/python3.13/site-packages/rest_framework/views.py", line 512, in dispatch
    response = handler(request, *args, **kwargs)
  File "/home/annuvrat/ai-output-backend/api/views.py", line 157, in get
    total_items = int(count_resp.headers.get("Content-Range", "0-0").split("/")[-1])
ValueError: invalid literal for int() with base 10: '0-0'
2025-07-26 18:06:51,417 ERROR Internal Server Error: /api/get-outputs/
Traceback (most recent call last):
  File "/home/annuvrat/ai-output-backend/venv/lib/python3.13/site-packages/django/core/handlers/exception.py", line 55, in inner
    response = get_response(request)
  File "/home/annuvrat/ai-output-backend/venv/lib/python3.13/site-packages/django/core/handlers/base.py", line 197, in _get_response
    response = wrapped_callback(request, *callback_args, **callback_kwargs)
  File "/home/annuvrat/ai-output-backend/venv/lib/python3.13/site-packages/django/views/decorators/csrf.py", line 65, in _view_wrapper
    return view_func(request, *args, **kwargs)
  File "/home/annuvrat/ai-output-backend/venv/lib/python3.13/site-packages/django/views/generic/base.py", line 105, in view
    return self.dispatch(request, *args, **kwargs)
           ~~~~~~~~~~~~~^^^^^^^^^^^^^^^^^^^^^^^^^^
  File "/home/annuvrat/ai-output-backend/venv/lib/python3.13/site-packages/rest_framework/views.py", line 515, in dispatch
    response = self.handle_exception(exc)
  File "/home/annuvrat/ai-output-backend/venv/lib/python3.13/site-packages/rest_framework/views.py", line 475, in handle_exception
    self.raise_uncaught_exception(exc)
    ~~~~~~~~~~~~~~~~~~~~~~~~~~~~~^^^^^
  File "/home/annuvrat/ai-output-backend/venv/lib/python3.13/site-packages/rest_framework/views.py", line 486, in raise_uncaught_exception
    raise exc
  File "/home/annuvrat/ai-output-backend/venv/lib/python3.13/site-packages/rest_framework/views.py", line 512, in dispatch
    response = handler(request, *args, **kwargs)
  File "/home/annuvrat/ai-output-backend/api/views.py", line 157, in get
    total_items = int(count_resp.headers.get("Content-Range", "0-0").split("/")[-1])
ValueError: invalid literal for int() with base 10: '0-0'
2025-07-26 18:06:54,545 INFO /home/annuvrat/ai-output-backend/api/views.py changed, reloading.
